[001] TRY - 1 TEN 10 LINES IS KEPT
[001] SKIP - 2
[002] TRY - 3
[002] OK - 4
[003] TRY - 5
[003] OK - 6
[004] TRY - 7
[004] OK - 8
[004] PENULTIMATE - 8
[004] LASTONE - 8
[PREP] an_profiles: SURJ Demo Chapter: API Token found
[PREP] FOUND COLUMN TAGS: {} {'#Call Representatives': '#Call Representatives', '?Web Design': '?Web Design', '!Phone Bank': '!Phone Bank', 'tag:Request Contact': 'Request Contact'}
[001] SKIP - ALREADY PROCESSED
[002] SKIP - ALREADY PROCESSED
[003] SKIP - ALREADY PROCESSED
[004] SKIP - ALREADY PROCESSED
[005] TRY Fundraiser3, Demo <demo+fundraiser3@surjaction.org> OPT-IN TRUE WITH TAGS ?Fundraising, !Phone Bank, Demo - Origin - Action 2017-03, Demo - Origin - Website, @Demo
[005] OK {
    "person": {
        "email_addresses": [
            {
                "address": "demo+fundraiser3@surjaction.org"
            }
        ],
        "family_name": "Fundraiser3",
        "given_name": "Demo"
    },
    "add_tags": [
        "?Fundraising",
        "!Phone Bank",
        "?Web Design"
    ]
}
[006] TRY Basebuilder2, Demo <demo+basebuilder2@surjaction.org> OPT-IN TRUE WITH TAGS Demo - Interest - Human Billboard, !Direct Action, Demo - Origin - Website, @Demo
[006] OK {
    "person": {
        "email_addresses": [
            {
                "address": "demo+basebuilder2@surjaction.org"
            }
        ],
        "family_name": "Basebuilder2",
        "given_name": "Demo"
    },
    "add_tags": [
        "!Direct Action"
    ]
}
[007] TRY Mc Emali Opt Out, Demo <demo+basebuilder3@surjaction.org> OPT-IN FALSE WITH TAGS Demo - Interest - Human Billboard, Demo - Origin - Website, @Demo
[007] SKIP - UNSUBSCRIBED
[008] TRY Supporter3, Demo <demo+supporter3@surjaction.org> OPT-IN TRUE WITH TAGS !Direct Action, Demo - Origin - Website, @Demo
[008] OK {
    "person": {
        "email_addresses": [
            {
                "address": "demo+supporter3@surjaction.org"
            }
        ],
        "family_name": "Supporter3",
        "given_name": "Demo",
        "postal_addresses": [
            {
                "address_lines": [
                    "4000 Railway Rd",
                    "Suite 399"
                ],
                "locality": "Oakland",
                "region": "CA",
                "postal_code": "94608",
                "primary": true
            }
        ]
    },
    "add_tags": [
        "!Direct Action",
        "Request Contact"
    ],
    "custom_fields": {
        "mobile": "510 123-4567",
        "Phone": "510 123-4567",
        "organization": "Racial Justice LLC"
    }
}
